{
  "schemaVersion": 1,
  "figureQa": {
    "schemaVersion": 1,
    "manifestPath": "/Users/saleh/TechProjects/agenteer/.loop-memory/figure-study-suite-20260509/studies/02-treatment-continuous-outcome/stats-run/figures.json",
    "status": "pass",
    "summary": "1/1 figure(s) passed; status=pass.",
    "figures": [
      {
        "figureId": "group-distribution.png",
        "path": "/Users/saleh/TechProjects/agenteer/.loop-memory/figure-study-suite-20260509/studies/02-treatment-continuous-outcome/stats-run/group-distribution.png",
        "title": "Outcome Distribution By Group",
        "caption": "Boxplot of the numeric outcome by comparison group.",
        "altText": "Boxplot of the numeric outcome by comparison group.",
        "xLabel": "treatment",
        "yLabel": "outcome_cont",
        "sourceColumns": [
          "outcome_cont",
          "treatment"
        ],
        "byteSize": 28130,
        "sha256": "66ac67747002f80d3f753bdceee552814096af02dd3b2edc383274842af2fb3f",
        "width": 960,
        "height": 720,
        "nonBlankRatio": 0.02918939251457589,
        "sampledColorBuckets": 21,
        "status": "pass",
        "checks": [
          {
            "id": "path-recorded",
            "status": "pass",
            "detail": "/Users/saleh/TechProjects/agenteer/.loop-memory/figure-study-suite-20260509/studies/02-treatment-continuous-outcome/stats-run/group-distribution.png"
          },
          {
            "id": "file-exists",
            "status": "pass",
            "detail": "Found figure file (28130 bytes)."
          },
          {
            "id": "file-size",
            "status": "pass",
            "detail": "Figure byte size is 28130; expected at least 8000 bytes for a readable plot."
          },
          {
            "id": "png-decodable",
            "status": "pass",
            "detail": "PNG decoded at 960x720."
          },
          {
            "id": "dimensions",
            "status": "pass",
            "detail": "Figure dimensions are 960x720; expected at least 900x600."
          },
          {
            "id": "nonblank-pixels",
            "status": "pass",
            "detail": "Non-white sampled pixel ratio is 0.0292."
          },
          {
            "id": "color-detail",
            "status": "pass",
            "detail": "Sampled color buckets: 21."
          },
          {
            "id": "title-present",
            "status": "pass",
            "detail": "Title: Outcome Distribution By Group"
          },
          {
            "id": "caption-present",
            "status": "pass",
            "detail": "Caption: Boxplot of the numeric outcome by comparison group."
          },
          {
            "id": "alt-text-present",
            "status": "pass",
            "detail": "Alt text is present."
          },
          {
            "id": "x-axis-label-present",
            "status": "pass",
            "detail": "X axis: treatment"
          },
          {
            "id": "y-axis-label-present",
            "status": "pass",
            "detail": "Y axis: outcome_cont"
          },
          {
            "id": "source-columns-recorded",
            "status": "pass",
            "detail": "Source columns: outcome_cont, treatment"
          }
        ]
      }
    ],
    "checks": [
      {
        "id": "manifest-readable",
        "status": "pass",
        "detail": "Read figure manifest: /Users/saleh/TechProjects/agenteer/.loop-memory/figure-study-suite-20260509/studies/02-treatment-continuous-outcome/stats-run/figures.json"
      },
      {
        "id": "figures-present",
        "status": "pass",
        "detail": "1 figure(s) were listed."
      },
      {
        "id": "all-figures-pass",
        "status": "pass",
        "detail": "1/1 figure(s) passed all QA checks."
      }
    ],
    "outPath": "/Users/saleh/TechProjects/agenteer/.loop-memory/figure-study-suite-20260509/studies/02-treatment-continuous-outcome/figure-qa.json",
    "reportPath": "/Users/saleh/TechProjects/agenteer/.loop-memory/figure-study-suite-20260509/studies/02-treatment-continuous-outcome/figure-qa.md"
  }
}
