{
  "schemaVersion": 1,
  "runInspection": {
    "schemaVersion": 1,
    "generatedAtIso": "2026-05-09T19:14:09.909Z",
    "runDir": "/Users/saleh/TechProjects/agenteer/.loop-memory/figure-study-suite-20260509/studies/07-competing-risk-incidence",
    "readiness": "needs_methods_review",
    "blockers": [],
    "warnings": [
      "No estimate-like records were available for p-value/effect-size checks."
    ],
    "cost": {
      "estimatedUsd": null,
      "hardStopUsd": null,
      "source": null
    },
    "provenance": {
      "analysisSpecPath": null,
      "analysisSpecHash": null,
      "runnerRecordPath": null,
      "manifestPaths": [
        "/Users/saleh/TechProjects/agenteer/.loop-memory/figure-study-suite-20260509/studies/07-competing-risk-incidence/run-inspection.json",
        "/Users/saleh/TechProjects/agenteer/.loop-memory/figure-study-suite-20260509/studies/07-competing-risk-incidence/run-inspection.md"
      ],
      "artifactCount": 23,
      "artifactHash": "2c6ff45d88c84b0f22d6f4591853a66b609fbcef4b9ca9eba883aed0fb41deb7"
    },
    "qa": {
      "methodQaStatus": "warning",
      "paperQaStatus": null,
      "literatureQaStatus": null,
      "manuscriptQaStatus": "pass",
      "lifecycleStatus": null,
      "rerunStabilityStatus": null
    },
    "literature": {
      "searchPath": null,
      "qaPath": null,
      "contextPath": null,
      "status": null,
      "sourceCount": null,
      "highQualitySourceCount": null,
      "citedSourceCount": null,
      "blockerCount": 0,
      "warningCount": 0,
      "nextAction": null
    },
    "paperPath": "/Users/saleh/TechProjects/agenteer/.loop-memory/figure-study-suite-20260509/studies/07-competing-risk-incidence/paper.md",
    "manuscriptPath": null,
    "nextRecommendedAction": "Complete method-review warnings, regenerate the manuscript if needed, and rerun inspection.",
    "methodQa": {
      "schemaVersion": 1,
      "generatedAtIso": "2026-05-09T19:14:09.907Z",
      "runDir": "/Users/saleh/TechProjects/agenteer/.loop-memory/figure-study-suite-20260509/studies/07-competing-risk-incidence",
      "overallStatus": "warning",
      "readiness": "needs_methods_review",
      "checks": [
        {
          "id": "artifact_integrity_01",
          "category": "artifact_integrity",
          "status": "pass",
          "severity": "info",
          "message": "Run directory contains 23 artifact(s).",
          "evidenceRefs": [
            "/Users/saleh/TechProjects/agenteer/.loop-memory/figure-study-suite-20260509/studies/07-competing-risk-incidence"
          ],
          "recommendedAction": "Continue with artifact-level QA."
        },
        {
          "id": "artifact_integrity_02",
          "category": "artifact_integrity",
          "status": "pass",
          "severity": "info",
          "message": "A reader-facing report artifact is present.",
          "evidenceRefs": [
            "/Users/saleh/TechProjects/agenteer/.loop-memory/figure-study-suite-20260509/studies/07-competing-risk-incidence/paper.md",
            "/Users/saleh/TechProjects/agenteer/.loop-memory/figure-study-suite-20260509/studies/07-competing-risk-incidence/manuscript.md"
          ],
          "recommendedAction": "Run manuscript QA before promotion."
        },
        {
          "id": "convergence_03",
          "category": "convergence",
          "status": "pass",
          "severity": "info",
          "message": "No model estimate artifact was available to check convergence.",
          "evidenceRefs": [
            "/Users/saleh/TechProjects/agenteer/.loop-memory/figure-study-suite-20260509/studies/07-competing-risk-incidence/stats-run/diagnostics.json",
            "/Users/saleh/TechProjects/agenteer/.loop-memory/figure-study-suite-20260509/studies/07-competing-risk-incidence/stats-run/stats-qa.json"
          ],
          "recommendedAction": "Preserve convergence evidence with the run artifacts."
        },
        {
          "id": "separation_04",
          "category": "separation",
          "status": "pass",
          "severity": "info",
          "message": "No logistic separation-sensitive model was detected.",
          "evidenceRefs": [
            "/Users/saleh/TechProjects/agenteer/.loop-memory/figure-study-suite-20260509/studies/07-competing-risk-incidence/stats-run/diagnostics.json",
            "/Users/saleh/TechProjects/agenteer/.loop-memory/figure-study-suite-20260509/studies/07-competing-risk-incidence/stats-run/stats-qa.json"
          ],
          "recommendedAction": "Record separation diagnostics for logistic models before publication."
        },
        {
          "id": "overfitting_05",
          "category": "overfitting",
          "status": "pass",
          "severity": "info",
          "message": "No events-per-predictor issue was detected.",
          "evidenceRefs": [
            "/Users/saleh/TechProjects/agenteer/.loop-memory/figure-study-suite-20260509/studies/07-competing-risk-incidence/stats-run/stats-run.json"
          ],
          "recommendedAction": "Keep event counts and predictor counts in the report supplement."
        },
        {
          "id": "missingness_06",
          "category": "missingness",
          "status": "pass",
          "severity": "info",
          "message": "Missingness/complete-case evidence is present.",
          "evidenceRefs": [
            "/Users/saleh/TechProjects/agenteer/.loop-memory/figure-study-suite-20260509/studies/07-competing-risk-incidence/stats-run/diagnostics.json",
            "/Users/saleh/TechProjects/agenteer/.loop-memory/figure-study-suite-20260509/studies/07-competing-risk-incidence/stats-run/stats-qa.json"
          ],
          "recommendedAction": "Report complete-case N and per-variable missingness."
        },
        {
          "id": "collinearity_07",
          "category": "collinearity",
          "status": "pass",
          "severity": "info",
          "message": "Collinearity diagnostics are not applicable to this route family.",
          "evidenceRefs": [
            "/Users/saleh/TechProjects/agenteer/.loop-memory/figure-study-suite-20260509/studies/07-competing-risk-incidence/stats-run/diagnostics.json",
            "/Users/saleh/TechProjects/agenteer/.loop-memory/figure-study-suite-20260509/studies/07-competing-risk-incidence/stats-run/stats-qa.json"
          ],
          "recommendedAction": "For adjusted regression, record VIF/condition-number or justify why collinearity is not material."
        },
        {
          "id": "influence_08",
          "category": "influence",
          "status": "pass",
          "severity": "info",
          "message": "Influence diagnostics are not applicable to this route family.",
          "evidenceRefs": [
            "/Users/saleh/TechProjects/agenteer/.loop-memory/figure-study-suite-20260509/studies/07-competing-risk-incidence/stats-run/diagnostics.json",
            "/Users/saleh/TechProjects/agenteer/.loop-memory/figure-study-suite-20260509/studies/07-competing-risk-incidence/stats-run/stats-qa.json"
          ],
          "recommendedAction": "Record influential-point review for model-based papers, especially small cohorts."
        },
        {
          "id": "effect_size_09",
          "category": "effect_size",
          "status": "warning",
          "severity": "minor",
          "message": "No estimate-like records were available for p-value/effect-size checks.",
          "evidenceRefs": [
            "/Users/saleh/TechProjects/agenteer/.loop-memory/figure-study-suite-20260509/studies/07-competing-risk-incidence/stats-run/stats-run.json"
          ],
          "recommendedAction": "Report effect sizes with intervals; avoid p-value-only conclusions."
        },
        {
          "id": "claim_alignment_10",
          "category": "claim_alignment",
          "status": "pass",
          "severity": "info",
          "message": "Reader-facing report avoids obvious framework jargon and causal overclaiming.",
          "evidenceRefs": [
            "/Users/saleh/TechProjects/agenteer/.loop-memory/figure-study-suite-20260509/studies/07-competing-risk-incidence/paper.md"
          ],
          "recommendedAction": "Keep internal framework details in companion artifacts, not the manuscript."
        },
        {
          "id": "semantic_plausibility_11",
          "category": "semantic_plausibility",
          "status": "pass",
          "severity": "info",
          "message": "No dataset-specific semantic plausibility issue was detected in available artifacts.",
          "evidenceRefs": [
            "/Users/saleh/TechProjects/agenteer/.loop-memory/figure-study-suite-20260509/studies/07-competing-risk-incidence/stats-run/stats-qa.json"
          ],
          "recommendedAction": "For clinical/public-health datasets, attach semantic QA evidence before share/export."
        },
        {
          "id": "survey_design_12",
          "category": "survey_design",
          "status": "pass",
          "severity": "info",
          "message": "No complex survey design requirement was detected.",
          "evidenceRefs": [],
          "recommendedAction": "If the source dataset is a complex survey, encode survey design before inference."
        }
      ],
      "blockerCount": 0,
      "warningCount": 1,
      "methodSummary": {
        "detectedRunKind": "stats-run",
        "detectedModelFamilies": [],
        "completeCaseN": 360,
        "eventCount": null,
        "predictorCount": null,
        "resultPosture": null
      },
      "nextAction": "Complete method-review warnings, regenerate the manuscript if needed, and rerun inspection.",
      "outPath": null,
      "reportPath": null
    },
    "outPath": "/Users/saleh/TechProjects/agenteer/.loop-memory/figure-study-suite-20260509/studies/07-competing-risk-incidence/run-inspection.json",
    "reportPath": "/Users/saleh/TechProjects/agenteer/.loop-memory/figure-study-suite-20260509/studies/07-competing-risk-incidence/run-inspection.md"
  }
}
