{
  "schemaVersion": 1,
  "figureQa": {
    "schemaVersion": 1,
    "manifestPath": "/Users/saleh/TechProjects/agenteer/.loop-memory/figure-study-suite-20260509/studies/08-latent-component-structure/stats-run/figures.json",
    "status": "pass",
    "summary": "1/1 figure(s) passed; status=pass.",
    "figures": [
      {
        "figureId": "pca-scree.png",
        "path": "/Users/saleh/TechProjects/agenteer/.loop-memory/figure-study-suite-20260509/studies/08-latent-component-structure/stats-run/pca-scree.png",
        "title": "PCA Scree Plot",
        "caption": "Explained variance ratio by component.",
        "altText": "Explained variance ratio by component.",
        "xLabel": "Principal component",
        "yLabel": "Explained variance ratio",
        "sourceColumns": [
          "component_1",
          "component_2",
          "component_3",
          "risk_score"
        ],
        "byteSize": 38390,
        "sha256": "c8a56e04ad135c093bf140b8076e158cf6f515d579c0183613197f812835590c",
        "width": 1125,
        "height": 750,
        "nonBlankRatio": 0.022167440978477292,
        "sampledColorBuckets": 38,
        "status": "pass",
        "checks": [
          {
            "id": "path-recorded",
            "status": "pass",
            "detail": "/Users/saleh/TechProjects/agenteer/.loop-memory/figure-study-suite-20260509/studies/08-latent-component-structure/stats-run/pca-scree.png"
          },
          {
            "id": "file-exists",
            "status": "pass",
            "detail": "Found figure file (38390 bytes)."
          },
          {
            "id": "file-size",
            "status": "pass",
            "detail": "Figure byte size is 38390; expected at least 8000 bytes for a readable plot."
          },
          {
            "id": "png-decodable",
            "status": "pass",
            "detail": "PNG decoded at 1125x750."
          },
          {
            "id": "dimensions",
            "status": "pass",
            "detail": "Figure dimensions are 1125x750; expected at least 900x600."
          },
          {
            "id": "nonblank-pixels",
            "status": "pass",
            "detail": "Non-white sampled pixel ratio is 0.0222."
          },
          {
            "id": "color-detail",
            "status": "pass",
            "detail": "Sampled color buckets: 38."
          },
          {
            "id": "title-present",
            "status": "pass",
            "detail": "Title: PCA Scree Plot"
          },
          {
            "id": "caption-present",
            "status": "pass",
            "detail": "Caption: Explained variance ratio by component."
          },
          {
            "id": "alt-text-present",
            "status": "pass",
            "detail": "Alt text is present."
          },
          {
            "id": "x-axis-label-present",
            "status": "pass",
            "detail": "X axis: Principal component"
          },
          {
            "id": "y-axis-label-present",
            "status": "pass",
            "detail": "Y axis: Explained variance ratio"
          },
          {
            "id": "source-columns-recorded",
            "status": "pass",
            "detail": "Source columns: component_1, component_2, component_3, risk_score"
          }
        ]
      }
    ],
    "checks": [
      {
        "id": "manifest-readable",
        "status": "pass",
        "detail": "Read figure manifest: /Users/saleh/TechProjects/agenteer/.loop-memory/figure-study-suite-20260509/studies/08-latent-component-structure/stats-run/figures.json"
      },
      {
        "id": "figures-present",
        "status": "pass",
        "detail": "1 figure(s) were listed."
      },
      {
        "id": "all-figures-pass",
        "status": "pass",
        "detail": "1/1 figure(s) passed all QA checks."
      }
    ],
    "outPath": "/Users/saleh/TechProjects/agenteer/.loop-memory/figure-study-suite-20260509/studies/08-latent-component-structure/figure-qa.json",
    "reportPath": "/Users/saleh/TechProjects/agenteer/.loop-memory/figure-study-suite-20260509/studies/08-latent-component-structure/figure-qa.md"
  }
}
