{
  "schemaVersion": 1,
  "statsRun": {
    "schemaVersion": 1,
    "runId": "statsrun_654982758935960192",
    "method": "pca",
    "status": "succeeded",
    "rowCount": 360,
    "completeCaseN": 360,
    "variables": [
      "component_1",
      "component_2",
      "component_3",
      "risk_score"
    ],
    "parameters": {
      "alpha": 0.05
    },
    "estimates": [
      {
        "term": "PC1",
        "explained_variance_ratio": 0.9319334358515865
      },
      {
        "term": "PC2",
        "explained_variance_ratio": 0.04006135285424412
      },
      {
        "term": "PC3",
        "explained_variance_ratio": 0.027663901937585063
      },
      {
        "term": "PC4",
        "explained_variance_ratio": 0.0003413093565843335
      }
    ],
    "diagnostics": {
      "test": "PCA",
      "transformed": "/Users/saleh/TechProjects/agenteer/.loop-memory/figure-study-suite-20260509/studies/08-latent-component-structure/stats-run/pca-transformed.csv",
      "components": [
        [
          0.5638997648654813,
          0.5535841049411834,
          0.6027441217975501,
          0.11073038236917765
        ],
        [
          -0.24094492646373947,
          -0.5901075542599601,
          0.7703621200473265,
          -0.01614994776770769
        ],
        [
          0.7852851654855497,
          -0.5848236650909625,
          -0.20187670054472615,
          0.023543308923807484
        ],
        [
          -0.08538036345888585,
          -0.057436868920325894,
          -0.04987509811382485,
          0.9934403224212285
        ]
      ]
    },
    "issues": [],
    "warnings": [],
    "errors": [],
    "artifacts": [
      {
        "kind": "config",
        "path": "/Users/saleh/TechProjects/agenteer/.loop-memory/figure-study-suite-20260509/studies/08-latent-component-structure/stats-run/stats-config.json",
        "sha256": "26a2f93f6af55e89473103d8f8b76543e3692f193536d212ff44c18b27b534dd"
      },
      {
        "kind": "summary",
        "path": "/Users/saleh/TechProjects/agenteer/.loop-memory/figure-study-suite-20260509/studies/08-latent-component-structure/stats-run/stats-summary.json",
        "sha256": "3dbf6d86e97cd24477731b4145a89f3893fc23fbf9c3f625b80a13aa426f314c"
      },
      {
        "kind": "table",
        "path": "/Users/saleh/TechProjects/agenteer/.loop-memory/figure-study-suite-20260509/studies/08-latent-component-structure/stats-run/estimates.csv",
        "sha256": "4fd1d5785097ed22a44bf8df2b3c6047b50c1ab1d4af6e121529934446df205e"
      },
      {
        "kind": "diagnostics",
        "path": "/Users/saleh/TechProjects/agenteer/.loop-memory/figure-study-suite-20260509/studies/08-latent-component-structure/stats-run/diagnostics.json",
        "sha256": "705aeda3eaad4db3de425ae983bd00309d2f10fc765d9a2be126a0afedf4ecaf"
      },
      {
        "kind": "figure-manifest",
        "path": "/Users/saleh/TechProjects/agenteer/.loop-memory/figure-study-suite-20260509/studies/08-latent-component-structure/stats-run/figures.json",
        "sha256": "e7af51fc0ecf5c8e97710a857bd9a48e6e36925507bc2c95f0b6128f23830f6f"
      },
      {
        "kind": "figure",
        "path": "/Users/saleh/TechProjects/agenteer/.loop-memory/figure-study-suite-20260509/studies/08-latent-component-structure/stats-run/pca-scree.png",
        "sha256": "c8a56e04ad135c093bf140b8076e158cf6f515d579c0183613197f812835590c"
      },
      {
        "kind": "figure-qa",
        "path": "/Users/saleh/TechProjects/agenteer/.loop-memory/figure-study-suite-20260509/studies/08-latent-component-structure/stats-run/figure-qa.json",
        "sha256": "f51d10df4fc64e09cef358548157312b35de9608655f8e5e06b3e8d7e275fa69"
      },
      {
        "kind": "report",
        "path": "/Users/saleh/TechProjects/agenteer/.loop-memory/figure-study-suite-20260509/studies/08-latent-component-structure/stats-run/stats-report.md",
        "sha256": "7895e1e5355f5647627c7b6e2b300ae003780ba1d4de78cbf7c5e08e92e57f67"
      },
      {
        "kind": "qa",
        "path": "/Users/saleh/TechProjects/agenteer/.loop-memory/figure-study-suite-20260509/studies/08-latent-component-structure/stats-run/stats-qa.json",
        "sha256": "377c4a22e369e1fec6483f64f7a71a1bfe9ad6a32b2092ed1ba035821932d070"
      }
    ],
    "outDir": "/Users/saleh/TechProjects/agenteer/.loop-memory/figure-study-suite-20260509/studies/08-latent-component-structure/stats-run",
    "binding": {
      "methodSelectionPath": null,
      "methodSelectionId": null,
      "methodId": null,
      "analysisSpecPath": null,
      "specHash": null,
      "status": "unbound"
    },
    "resultPosture": {
      "status": "exploratory_standard_table",
      "label": "Exploratory standard-table result",
      "interpretationBoundary": "This run is not bound to a method-selection artifact or AnalysisSpec, so treat it as exploratory until governed by pre-run evidence.",
      "supports": [
        "local data debugging",
        "rough statistical exploration",
        "candidate method smoke testing"
      ],
      "cannotSupport": [
        "method-governed inference",
        "paper-ready conclusions",
        "causal claims"
      ],
      "nextAction": "Create or bind method-selection and AnalysisSpec evidence, then rerun before paper lifecycle promotion."
    }
  }
}
