{
  "schemaVersion": 1,
  "figureQa": {
    "schemaVersion": 1,
    "manifestPath": "/Users/saleh/TechProjects/agenteer/.loop-memory/figure-study-suite-20260509/studies/05-adjusted-linear-model/stats-run/figures.json",
    "status": "pass",
    "summary": "1/1 figure(s) passed; status=pass.",
    "figures": [
      {
        "figureId": "model-residuals.png",
        "path": "/Users/saleh/TechProjects/agenteer/.loop-memory/figure-study-suite-20260509/studies/05-adjusted-linear-model/stats-run/model-residuals.png",
        "title": "Residuals Versus Fitted",
        "caption": "Residual diagnostic plot for the fitted model.",
        "altText": "Residual diagnostic plot for the fitted model.",
        "xLabel": "Fitted value",
        "yLabel": "Residual",
        "sourceColumns": [
          "outcome_cont",
          "biomarker",
          "age",
          "treatment"
        ],
        "byteSize": 66249,
        "sha256": "22576c22336a906ef0db754038e6b6b8ab237850014465de62774cf156bc169f",
        "width": 1125,
        "height": 750,
        "nonBlankRatio": 0.08275338958945672,
        "sampledColorBuckets": 33,
        "status": "pass",
        "checks": [
          {
            "id": "path-recorded",
            "status": "pass",
            "detail": "/Users/saleh/TechProjects/agenteer/.loop-memory/figure-study-suite-20260509/studies/05-adjusted-linear-model/stats-run/model-residuals.png"
          },
          {
            "id": "file-exists",
            "status": "pass",
            "detail": "Found figure file (66249 bytes)."
          },
          {
            "id": "file-size",
            "status": "pass",
            "detail": "Figure byte size is 66249; expected at least 8000 bytes for a readable plot."
          },
          {
            "id": "png-decodable",
            "status": "pass",
            "detail": "PNG decoded at 1125x750."
          },
          {
            "id": "dimensions",
            "status": "pass",
            "detail": "Figure dimensions are 1125x750; expected at least 900x600."
          },
          {
            "id": "nonblank-pixels",
            "status": "pass",
            "detail": "Non-white sampled pixel ratio is 0.0828."
          },
          {
            "id": "color-detail",
            "status": "pass",
            "detail": "Sampled color buckets: 33."
          },
          {
            "id": "title-present",
            "status": "pass",
            "detail": "Title: Residuals Versus Fitted"
          },
          {
            "id": "caption-present",
            "status": "pass",
            "detail": "Caption: Residual diagnostic plot for the fitted model."
          },
          {
            "id": "alt-text-present",
            "status": "pass",
            "detail": "Alt text is present."
          },
          {
            "id": "x-axis-label-present",
            "status": "pass",
            "detail": "X axis: Fitted value"
          },
          {
            "id": "y-axis-label-present",
            "status": "pass",
            "detail": "Y axis: Residual"
          },
          {
            "id": "source-columns-recorded",
            "status": "pass",
            "detail": "Source columns: outcome_cont, biomarker, age, treatment"
          }
        ]
      }
    ],
    "checks": [
      {
        "id": "manifest-readable",
        "status": "pass",
        "detail": "Read figure manifest: /Users/saleh/TechProjects/agenteer/.loop-memory/figure-study-suite-20260509/studies/05-adjusted-linear-model/stats-run/figures.json"
      },
      {
        "id": "figures-present",
        "status": "pass",
        "detail": "1 figure(s) were listed."
      },
      {
        "id": "all-figures-pass",
        "status": "pass",
        "detail": "1/1 figure(s) passed all QA checks."
      }
    ],
    "outPath": "/Users/saleh/TechProjects/agenteer/.loop-memory/figure-study-suite-20260509/studies/05-adjusted-linear-model/figure-qa.json",
    "reportPath": "/Users/saleh/TechProjects/agenteer/.loop-memory/figure-study-suite-20260509/studies/05-adjusted-linear-model/figure-qa.md"
  }
}
