{
  "schemaVersion": 1,
  "statsRun": {
    "schemaVersion": 1,
    "runId": "statsrun_5820134511127265719",
    "method": "descriptive",
    "status": "succeeded",
    "rowCount": 360,
    "completeCaseN": 294,
    "variables": [
      "age",
      "biomarker",
      "blood_pressure",
      "renal_marker",
      "outcome_cont",
      "missing_lab"
    ],
    "parameters": {
      "alpha": 0.05
    },
    "estimates": [
      {
        "variable": "age",
        "non_missing": 360,
        "missing": 0,
        "missing_fraction": 0,
        "inferred_type": "float64",
        "mean": 70.79511111111111,
        "sd": 16.194758926909405,
        "median": 70.11,
        "iqr": 26.9525,
        "min": 41.3,
        "max": 103.06
      },
      {
        "variable": "biomarker",
        "non_missing": 360,
        "missing": 0,
        "missing_fraction": 0,
        "inferred_type": "float64",
        "mean": 6.104340277777778,
        "sd": 1.3963435205857535,
        "median": 6.0206,
        "iqr": 1.9619,
        "min": 2.079,
        "max": 10.6125
      },
      {
        "variable": "blood_pressure",
        "non_missing": 360,
        "missing": 0,
        "missing_fraction": 0,
        "inferred_type": "float64",
        "mean": 136.82530194444445,
        "sd": 13.070247723148972,
        "median": 137.22435000000002,
        "iqr": 16.995750000000015,
        "min": 88.3431,
        "max": 168.7093
      },
      {
        "variable": "renal_marker",
        "non_missing": 360,
        "missing": 0,
        "missing_fraction": 0,
        "inferred_type": "float64",
        "mean": 1.8216836111111112,
        "sd": 0.4275955106237512,
        "median": 1.7863,
        "iqr": 0.6342250000000003,
        "min": 0.7158,
        "max": 3.1787
      },
      {
        "variable": "outcome_cont",
        "non_missing": 360,
        "missing": 0,
        "missing_fraction": 0,
        "inferred_type": "float64",
        "mean": 37.05537611111111,
        "sd": 4.869774670127165,
        "median": 37.0523,
        "iqr": 6.793275000000001,
        "min": 22.4073,
        "max": 51.7395
      },
      {
        "variable": "missing_lab",
        "non_missing": 294,
        "missing": 66,
        "missing_fraction": 0.18333333333333332,
        "inferred_type": "float64",
        "mean": 1.8049867346938777,
        "sd": 0.4277651955450289,
        "median": 1.7823,
        "iqr": 0.6272999999999997,
        "min": 0.7158,
        "max": 2.9026
      }
    ],
    "diagnostics": {},
    "issues": [],
    "warnings": [],
    "errors": [],
    "artifacts": [
      {
        "kind": "config",
        "path": "/Users/saleh/TechProjects/agenteer/.loop-memory/figure-study-suite-20260509/studies/01-descriptive-profile/stats-run/stats-config.json",
        "sha256": "dff100d79562adf1cab63248d4db30f8264c204a4923272548e709db9df0b190"
      },
      {
        "kind": "summary",
        "path": "/Users/saleh/TechProjects/agenteer/.loop-memory/figure-study-suite-20260509/studies/01-descriptive-profile/stats-run/stats-summary.json",
        "sha256": "c38c9b9838ed87f076c98e9d169f08e00ba82d04e46fd8b3583e4e503359d2eb"
      },
      {
        "kind": "table",
        "path": "/Users/saleh/TechProjects/agenteer/.loop-memory/figure-study-suite-20260509/studies/01-descriptive-profile/stats-run/estimates.csv",
        "sha256": "cf5cba5b3f0cc8e1c61232d8911c403cbc431690791f2964e99f2d1884728783"
      },
      {
        "kind": "diagnostics",
        "path": "/Users/saleh/TechProjects/agenteer/.loop-memory/figure-study-suite-20260509/studies/01-descriptive-profile/stats-run/diagnostics.json",
        "sha256": "44136fa355b3678a1146ad16f7e8649e94fb4fc21fe77e8310c060f61caaff8a"
      },
      {
        "kind": "figure-manifest",
        "path": "/Users/saleh/TechProjects/agenteer/.loop-memory/figure-study-suite-20260509/studies/01-descriptive-profile/stats-run/figures.json",
        "sha256": "1c1d9bea5609d7e0d899906966cc7da87d4d111b0243145f655b562cc0b23a2a"
      },
      {
        "kind": "figure",
        "path": "/Users/saleh/TechProjects/agenteer/.loop-memory/figure-study-suite-20260509/studies/01-descriptive-profile/stats-run/descriptive-histograms.png",
        "sha256": "5fcb52a97db1ba6e42f4b6b47b1758d5ce6d07d6e15d0b678a52d134c31f3d37"
      },
      {
        "kind": "figure",
        "path": "/Users/saleh/TechProjects/agenteer/.loop-memory/figure-study-suite-20260509/studies/01-descriptive-profile/stats-run/missingness-bar.png",
        "sha256": "9ec712a4e0616ab3a9715caeffa3c017ea069357f0a241b4b409ff7d9113a0b9"
      },
      {
        "kind": "figure-qa",
        "path": "/Users/saleh/TechProjects/agenteer/.loop-memory/figure-study-suite-20260509/studies/01-descriptive-profile/stats-run/figure-qa.json",
        "sha256": "c2f6f28c75b6e5a0eb65fac5b7b580d296f1f17037c35fdc15ee39cdea525e96"
      },
      {
        "kind": "report",
        "path": "/Users/saleh/TechProjects/agenteer/.loop-memory/figure-study-suite-20260509/studies/01-descriptive-profile/stats-run/stats-report.md",
        "sha256": "72b947e276d09721374ddd69f9af4ffd4f0e510c83f92d37e0a8ae2184c9c557"
      },
      {
        "kind": "qa",
        "path": "/Users/saleh/TechProjects/agenteer/.loop-memory/figure-study-suite-20260509/studies/01-descriptive-profile/stats-run/stats-qa.json",
        "sha256": "b76dcdc5c4b31ddbc784fd0f267eb2276a8bbf79c00d2af91c21fcf368bfdb8b"
      }
    ],
    "outDir": "/Users/saleh/TechProjects/agenteer/.loop-memory/figure-study-suite-20260509/studies/01-descriptive-profile/stats-run",
    "binding": {
      "methodSelectionPath": null,
      "methodSelectionId": null,
      "methodId": null,
      "analysisSpecPath": null,
      "specHash": null,
      "status": "unbound"
    },
    "resultPosture": {
      "status": "exploratory_standard_table",
      "label": "Exploratory standard-table result",
      "interpretationBoundary": "This run is not bound to a method-selection artifact or AnalysisSpec, so treat it as exploratory until governed by pre-run evidence.",
      "supports": [
        "local data debugging",
        "rough statistical exploration",
        "candidate method smoke testing"
      ],
      "cannotSupport": [
        "method-governed inference",
        "paper-ready conclusions",
        "causal claims"
      ],
      "nextAction": "Create or bind method-selection and AnalysisSpec evidence, then rerun before paper lifecycle promotion."
    }
  }
}
