{
  "schemaVersion": 1,
  "figureQa": {
    "schemaVersion": 1,
    "manifestPath": "/Users/saleh/TechProjects/agenteer/.loop-memory/figure-study-suite-20260509/studies/03-treatment-binary-outcome/stats-run/figures.json",
    "status": "pass",
    "summary": "1/1 figure(s) passed; status=pass.",
    "figures": [
      {
        "figureId": "contingency-heatmap.png",
        "path": "/Users/saleh/TechProjects/agenteer/.loop-memory/figure-study-suite-20260509/studies/03-treatment-binary-outcome/stats-run/contingency-heatmap.png",
        "title": "Contingency Table",
        "caption": "Observed counts for the categorical association test.",
        "altText": "Observed counts for the categorical association test.",
        "xLabel": "treatment",
        "yLabel": "outcome_bin",
        "sourceColumns": [
          "outcome_bin",
          "treatment"
        ],
        "byteSize": 24132,
        "sha256": "00218912da8290aca9236a80c0b268227b503ad5aeeb0757f0e821ad53ba8b21",
        "width": 1125,
        "height": 750,
        "nonBlankRatio": 0.6214658196643595,
        "sampledColorBuckets": 62,
        "status": "pass",
        "checks": [
          {
            "id": "path-recorded",
            "status": "pass",
            "detail": "/Users/saleh/TechProjects/agenteer/.loop-memory/figure-study-suite-20260509/studies/03-treatment-binary-outcome/stats-run/contingency-heatmap.png"
          },
          {
            "id": "file-exists",
            "status": "pass",
            "detail": "Found figure file (24132 bytes)."
          },
          {
            "id": "file-size",
            "status": "pass",
            "detail": "Figure byte size is 24132; expected at least 8000 bytes for a readable plot."
          },
          {
            "id": "png-decodable",
            "status": "pass",
            "detail": "PNG decoded at 1125x750."
          },
          {
            "id": "dimensions",
            "status": "pass",
            "detail": "Figure dimensions are 1125x750; expected at least 900x600."
          },
          {
            "id": "nonblank-pixels",
            "status": "pass",
            "detail": "Non-white sampled pixel ratio is 0.6215."
          },
          {
            "id": "color-detail",
            "status": "pass",
            "detail": "Sampled color buckets: 62."
          },
          {
            "id": "title-present",
            "status": "pass",
            "detail": "Title: Contingency Table"
          },
          {
            "id": "caption-present",
            "status": "pass",
            "detail": "Caption: Observed counts for the categorical association test."
          },
          {
            "id": "alt-text-present",
            "status": "pass",
            "detail": "Alt text is present."
          },
          {
            "id": "x-axis-label-present",
            "status": "pass",
            "detail": "X axis: treatment"
          },
          {
            "id": "y-axis-label-present",
            "status": "pass",
            "detail": "Y axis: outcome_bin"
          },
          {
            "id": "source-columns-recorded",
            "status": "pass",
            "detail": "Source columns: outcome_bin, treatment"
          }
        ]
      }
    ],
    "checks": [
      {
        "id": "manifest-readable",
        "status": "pass",
        "detail": "Read figure manifest: /Users/saleh/TechProjects/agenteer/.loop-memory/figure-study-suite-20260509/studies/03-treatment-binary-outcome/stats-run/figures.json"
      },
      {
        "id": "figures-present",
        "status": "pass",
        "detail": "1 figure(s) were listed."
      },
      {
        "id": "all-figures-pass",
        "status": "pass",
        "detail": "1/1 figure(s) passed all QA checks."
      }
    ],
    "outPath": "/Users/saleh/TechProjects/agenteer/.loop-memory/figure-study-suite-20260509/studies/03-treatment-binary-outcome/figure-qa.json",
    "reportPath": "/Users/saleh/TechProjects/agenteer/.loop-memory/figure-study-suite-20260509/studies/03-treatment-binary-outcome/figure-qa.md"
  }
}
