{
  "schemaVersion": 1,
  "figureQa": {
    "schemaVersion": 1,
    "manifestPath": "/Users/saleh/TechProjects/agenteer/.loop-memory/figure-study-suite-20260509/studies/10-risk-score-prediction/stats-run/figures.json",
    "status": "pass",
    "summary": "1/1 figure(s) passed; status=pass.",
    "figures": [
      {
        "figureId": "roc-curve.png",
        "path": "/Users/saleh/TechProjects/agenteer/.loop-memory/figure-study-suite-20260509/studies/10-risk-score-prediction/stats-run/roc-curve.png",
        "title": "ROC Curve",
        "caption": "Receiver operating characteristic curve.",
        "altText": "Receiver operating characteristic curve.",
        "xLabel": "False positive rate",
        "yLabel": "True positive rate",
        "sourceColumns": [
          "outcome_bin",
          "risk_score"
        ],
        "byteSize": 42656,
        "sha256": "2940f98bd05763e62e6d604d6642435628777aa409e2eb97e91177aee0e04257",
        "width": 1125,
        "height": 750,
        "nonBlankRatio": 0.02442400682658576,
        "sampledColorBuckets": 39,
        "status": "pass",
        "checks": [
          {
            "id": "path-recorded",
            "status": "pass",
            "detail": "/Users/saleh/TechProjects/agenteer/.loop-memory/figure-study-suite-20260509/studies/10-risk-score-prediction/stats-run/roc-curve.png"
          },
          {
            "id": "file-exists",
            "status": "pass",
            "detail": "Found figure file (42656 bytes)."
          },
          {
            "id": "file-size",
            "status": "pass",
            "detail": "Figure byte size is 42656; expected at least 8000 bytes for a readable plot."
          },
          {
            "id": "png-decodable",
            "status": "pass",
            "detail": "PNG decoded at 1125x750."
          },
          {
            "id": "dimensions",
            "status": "pass",
            "detail": "Figure dimensions are 1125x750; expected at least 900x600."
          },
          {
            "id": "nonblank-pixels",
            "status": "pass",
            "detail": "Non-white sampled pixel ratio is 0.0244."
          },
          {
            "id": "color-detail",
            "status": "pass",
            "detail": "Sampled color buckets: 39."
          },
          {
            "id": "title-present",
            "status": "pass",
            "detail": "Title: ROC Curve"
          },
          {
            "id": "caption-present",
            "status": "pass",
            "detail": "Caption: Receiver operating characteristic curve."
          },
          {
            "id": "alt-text-present",
            "status": "pass",
            "detail": "Alt text is present."
          },
          {
            "id": "x-axis-label-present",
            "status": "pass",
            "detail": "X axis: False positive rate"
          },
          {
            "id": "y-axis-label-present",
            "status": "pass",
            "detail": "Y axis: True positive rate"
          },
          {
            "id": "source-columns-recorded",
            "status": "pass",
            "detail": "Source columns: outcome_bin, risk_score"
          }
        ]
      }
    ],
    "checks": [
      {
        "id": "manifest-readable",
        "status": "pass",
        "detail": "Read figure manifest: /Users/saleh/TechProjects/agenteer/.loop-memory/figure-study-suite-20260509/studies/10-risk-score-prediction/stats-run/figures.json"
      },
      {
        "id": "figures-present",
        "status": "pass",
        "detail": "1 figure(s) were listed."
      },
      {
        "id": "all-figures-pass",
        "status": "pass",
        "detail": "1/1 figure(s) passed all QA checks."
      }
    ],
    "outPath": "/Users/saleh/TechProjects/agenteer/.loop-memory/figure-study-suite-20260509/studies/10-risk-score-prediction/figure-qa.json",
    "reportPath": "/Users/saleh/TechProjects/agenteer/.loop-memory/figure-study-suite-20260509/studies/10-risk-score-prediction/figure-qa.md"
  }
}
